Release 14.7 - xst P.20131013 (nt64)
Copyright (c) 1995-2013 Xilinx, Inc.  All rights reserved.
--> Parameter TMPDIR set to xst/projnav.tmp


Total REAL time to Xst completion: 1.00 secs
Total CPU time to Xst completion: 1.36 secs
 
--> Parameter xsthdpdir set to xst


Total REAL time to Xst completion: 1.00 secs
Total CPU time to Xst completion: 1.37 secs
 
--> Reading design: main.prj

TABLE OF CONTENTS
  1) Synthesis Options Summary
  2) HDL Parsing
  3) HDL Elaboration
  4) HDL Synthesis
       4.1) HDL Synthesis Report
  5) Advanced HDL Synthesis
       5.1) Advanced HDL Synthesis Report
  6) Low Level Synthesis
  7) Partition Report
  8) Design Summary
       8.1) Primitive and Black Box Usage
       8.2) Device utilization summary
       8.3) Partition Resource Summary
       8.4) Timing Report
            8.4.1) Clock Information
            8.4.2) Asynchronous Control Signals Information
            8.4.3) Timing Summary
            8.4.4) Timing Details
            8.4.5) Cross Clock Domains Report


=========================================================================
*                      Synthesis Options Summary                        *
=========================================================================
---- Source Parameters
Input File Name                    : "main.prj"
Ignore Synthesis Constraint File   : NO

---- Target Parameters
Output File Name                   : "main"
Output Format                      : NGC
Target Device                      : xc6slx4-3-tqg144

---- Source Options
Top Module Name                    : main
Automatic FSM Extraction           : YES
FSM Encoding Algorithm             : Auto
Safe Implementation                : No
FSM Style                          : LUT
RAM Extraction                     : Yes
RAM Style                          : Auto
ROM Extraction                     : Yes
Shift Register Extraction          : YES
ROM Style                          : Auto
Resource Sharing                   : YES
Asynchronous To Synchronous        : NO
Shift Register Minimum Size        : 2
Use DSP Block                      : Auto
Automatic Register Balancing       : No

---- Target Options
LUT Combining                      : Auto
Reduce Control Sets                : Auto
Add IO Buffers                     : YES
Global Maximum Fanout              : 100000
Add Generic Clock Buffer(BUFG)     : 16
Register Duplication               : YES
Optimize Instantiated Primitives   : NO
Use Clock Enable                   : Auto
Use Synchronous Set                : Auto
Use Synchronous Reset              : Auto
Pack IO Registers into IOBs        : Auto
Equivalent register Removal        : YES

---- General Options
Optimization Goal                  : Speed
Optimization Effort                : 1
Power Reduction                    : NO
Keep Hierarchy                     : No
Netlist Hierarchy                  : As_Optimized
RTL Output                         : Yes
Global Optimization                : AllClockNets
Read Cores                         : YES
Write Timing Constraints           : NO
Cross Clock Analysis               : NO
Hierarchy Separator                : /
Bus Delimiter                      : <>
Case Specifier                     : Maintain
Slice Utilization Ratio            : 100
BRAM Utilization Ratio             : 100
DSP48 Utilization Ratio            : 100
Auto BRAM Packing                  : NO
Slice Utilization Ratio Delta      : 5

=========================================================================


=========================================================================
*                          HDL Parsing                                  *
=========================================================================
Analyzing Verilog file "C:\Users\Ramesh\Documents\ISE\COA\sram.v" into library work
Parsing module <sram>.
Analyzing Verilog file "C:\Users\Ramesh\Documents\ISE\COA\seven_seg.v" into library work
Parsing module <seven_seg>.
Analyzing Verilog file "C:\Users\Ramesh\Documents\ISE\COA\clkDiv.v" into library work
Parsing module <clkDiv>.
Analyzing Verilog file "C:\Users\Ramesh\Documents\ISE\COA\main.v" into library work
Parsing module <main>.
WARNING:HDLCompiler:751 - "C:\Users\Ramesh\Documents\ISE\COA\main.v" Line 29: Redeclaration of ansi port clk is not allowed
WARNING:HDLCompiler:751 - "C:\Users\Ramesh\Documents\ISE\COA\main.v" Line 30: Redeclaration of ansi port datamem_address is not allowed

=========================================================================
*                            HDL Elaboration                            *
=========================================================================
WARNING:HDLCompiler:1016 - "C:\Users\Ramesh\Documents\ISE\COA\main.v" Line 35: Port value1 is not connected to this instance

Elaborating module <main>.

Elaborating module <sram>.
WARNING:HDLCompiler:634 - "C:\Users\Ramesh\Documents\ISE\COA\sram.v" Line 25: Net <memory_array[0][7]> does not have a driver.
WARNING:HDLCompiler:189 - "C:\Users\Ramesh\Documents\ISE\COA\main.v" Line 33: Size mismatch in connection of port <o_data>. Formal port size is 8-bit while actual signal size is 1-bit.
WARNING:HDLCompiler:1127 - "C:\Users\Ramesh\Documents\ISE\COA\main.v" Line 33: Assignment to i_data ignored, since the identifier is never used

Elaborating module <seven_seg>.
WARNING:HDLCompiler:413 - "C:\Users\Ramesh\Documents\ISE\COA\seven_seg.v" Line 55: Result of 3-bit expression is truncated to fit in 2-bit target.
WARNING:HDLCompiler:413 - "C:\Users\Ramesh\Documents\ISE\COA\seven_seg.v" Line 57: Result of 12-bit expression is truncated to fit in 11-bit target.

Elaborating module <clkDiv>.
WARNING:HDLCompiler:1127 - "C:\Users\Ramesh\Documents\ISE\COA\main.v" Line 35: Assignment to clk_out ignored, since the identifier is never used
WARNING:HDLCompiler:634 - "C:\Users\Ramesh\Documents\ISE\COA\main.v" Line 31: Net <value1[7]> does not have a driver.
WARNING:Xst:2972 - "C:\Users\Ramesh\Documents\ISE\COA\main.v" line 35. All outputs of instance <clkDiv0> of block <clkDiv> are unconnected in block <main>. Underlying logic will be removed.

=========================================================================
*                           HDL Synthesis                               *
=========================================================================

Synthesizing Unit <main>.
    Related source file is "C:\Users\Ramesh\Documents\ISE\COA\main.v".
WARNING:Xst:647 - Input <interrupt> is never used. This port will be preserved and left unconnected if it belongs to a top-level block or it belongs to a sub-block and the hierarchy of this sub-block is preserved.
INFO:Xst:3210 - "C:\Users\Ramesh\Documents\ISE\COA\main.v" line 33: Output port <o_data> of the instance <sram0> is unconnected or connected to loadless signal.
INFO:Xst:3210 - "C:\Users\Ramesh\Documents\ISE\COA\main.v" line 35: Output port <value1> of the instance <clkDiv0> is unconnected or connected to loadless signal.
INFO:Xst:3210 - "C:\Users\Ramesh\Documents\ISE\COA\main.v" line 35: Output port <value2> of the instance <clkDiv0> is unconnected or connected to loadless signal.
INFO:Xst:3210 - "C:\Users\Ramesh\Documents\ISE\COA\main.v" line 35: Output port <clk_out> of the instance <clkDiv0> is unconnected or connected to loadless signal.
WARNING:Xst:653 - Signal <value1> is used but never assigned. This sourceless signal will be automatically connected to value GND.
WARNING:Xst:653 - Signal <value2> is used but never assigned. This sourceless signal will be automatically connected to value GND.
    Summary:
	no macro.
Unit <main> synthesized.

Synthesizing Unit <sram>.
    Related source file is "C:\Users\Ramesh\Documents\ISE\COA\sram.v".
WARNING:Xst:653 - Signal <mem_address> is used but never assigned. This sourceless signal will be automatically connected to value GND.
WARNING:Xst:653 - Signal <memory_array<0>> is used but never assigned. This sourceless signal will be automatically connected to value GND.
WARNING:Xst:653 - Signal <memory_array<1>> is used but never assigned. This sourceless signal will be automatically connected to value GND.
WARNING:Xst:653 - Signal <memory_array<11>> is used but never assigned. This sourceless signal will be automatically connected to value GND.
WARNING:Xst:653 - Signal <memory_array<12>> is used but never assigned. This sourceless signal will be automatically connected to value GND.
WARNING:Xst:653 - Signal <memory_array<13>> is used but never assigned. This sourceless signal will be automatically connected to value GND.
WARNING:Xst:653 - Signal <memory_array<14>> is used but never assigned. This sourceless signal will be automatically connected to value GND.
WARNING:Xst:653 - Signal <memory_array<15>> is used but never assigned. This sourceless signal will be automatically connected to value GND.
WARNING:Xst:653 - Signal <memory_array<16>> is used but never assigned. This sourceless signal will be automatically connected to value GND.
WARNING:Xst:653 - Signal <memory_array<17>> is used but never assigned. This sourceless signal will be automatically connected to value GND.
WARNING:Xst:653 - Signal <memory_array<18>> is used but never assigned. This sourceless signal will be automatically connected to value GND.
WARNING:Xst:653 - Signal <memory_array<19>> is used but never assigned. This sourceless signal will be automatically connected to value GND.
WARNING:Xst:653 - Signal <memory_array<20>> is used but never assigned. This sourceless signal will be automatically connected to value GND.
WARNING:Xst:653 - Signal <memory_array<21>> is used but never assigned. This sourceless signal will be automatically connected to value GND.
WARNING:Xst:653 - Signal <memory_array<22>> is used but never assigned. This sourceless signal will be automatically connected to value GND.
WARNING:Xst:653 - Signal <memory_array<23>> is used but never assigned. This sourceless signal will be automatically connected to value GND.
WARNING:Xst:653 - Signal <memory_array<24>> is used but never assigned. This sourceless signal will be automatically connected to value GND.
WARNING:Xst:653 - Signal <memory_array<25>> is used but never assigned. This sourceless signal will be automatically connected to value GND.
WARNING:Xst:653 - Signal <memory_array<26>> is used but never assigned. This sourceless signal will be automatically connected to value GND.
WARNING:Xst:653 - Signal <memory_array<27>> is used but never assigned. This sourceless signal will be automatically connected to value GND.
WARNING:Xst:653 - Signal <memory_array<28>> is used but never assigned. This sourceless signal will be automatically connected to value GND.
WARNING:Xst:653 - Signal <memory_array<29>> is used but never assigned. This sourceless signal will be automatically connected to value GND.
WARNING:Xst:653 - Signal <memory_array<30>> is used but never assigned. This sourceless signal will be automatically connected to value GND.
WARNING:Xst:653 - Signal <memory_array<31>> is used but never assigned. This sourceless signal will be automatically connected to value GND.
WARNING:Xst:653 - Signal <memory_array<32>> is used but never assigned. This sourceless signal will be automatically connected to value GND.
WARNING:Xst:653 - Signal <memory_array<33>> is used but never assigned. This sourceless signal will be automatically connected to value GND.
WARNING:Xst:653 - Signal <memory_array<34>> is used but never assigned. This sourceless signal will be automatically connected to value GND.
WARNING:Xst:653 - Signal <memory_array<35>> is used but never assigned. This sourceless signal will be automatically connected to value GND.
WARNING:Xst:653 - Signal <memory_array<36>> is used but never assigned. This sourceless signal will be automatically connected to value GND.
WARNING:Xst:653 - Signal <memory_array<37>> is used but never assigned. This sourceless signal will be automatically connected to value GND.
WARNING:Xst:653 - Signal <memory_array<38>> is used but never assigned. This sourceless signal will be automatically connected to value GND.
WARNING:Xst:653 - Signal <memory_array<39>> is used but never assigned. This sourceless signal will be automatically connected to value GND.
WARNING:Xst:653 - Signal <memory_array<40>> is used but never assigned. This sourceless signal will be automatically connected to value GND.
WARNING:Xst:653 - Signal <memory_array<41>> is used but never assigned. This sourceless signal will be automatically connected to value GND.
WARNING:Xst:653 - Signal <memory_array<42>> is used but never assigned. This sourceless signal will be automatically connected to value GND.
WARNING:Xst:653 - Signal <memory_array<43>> is used but never assigned. This sourceless signal will be automatically connected to value GND.
WARNING:Xst:653 - Signal <memory_array<44>> is used but never assigned. This sourceless signal will be automatically connected to value GND.
WARNING:Xst:653 - Signal <memory_array<45>> is used but never assigned. This sourceless signal will be automatically connected to value GND.
WARNING:Xst:653 - Signal <memory_array<46>> is used but never assigned. This sourceless signal will be automatically connected to value GND.
WARNING:Xst:653 - Signal <memory_array<47>> is used but never assigned. This sourceless signal will be automatically connected to value GND.
WARNING:Xst:653 - Signal <memory_array<48>> is used but never assigned. This sourceless signal will be automatically connected to value GND.
WARNING:Xst:653 - Signal <memory_array<49>> is used but never assigned. This sourceless signal will be automatically connected to value GND.
WARNING:Xst:653 - Signal <memory_array<50>> is used but never assigned. This sourceless signal will be automatically connected to value GND.
WARNING:Xst:653 - Signal <memory_array<51>> is used but never assigned. This sourceless signal will be automatically connected to value GND.
WARNING:Xst:653 - Signal <memory_array<52>> is used but never assigned. This sourceless signal will be automatically connected to value GND.
WARNING:Xst:653 - Signal <memory_array<53>> is used but never assigned. This sourceless signal will be automatically connected to value GND.
WARNING:Xst:653 - Signal <memory_array<54>> is used but never assigned. This sourceless signal will be automatically connected to value GND.
WARNING:Xst:653 - Signal <memory_array<55>> is used but never assigned. This sourceless signal will be automatically connected to value GND.
WARNING:Xst:653 - Signal <memory_array<56>> is used but never assigned. This sourceless signal will be automatically connected to value GND.
WARNING:Xst:653 - Signal <memory_array<57>> is used but never assigned. This sourceless signal will be automatically connected to value GND.
WARNING:Xst:653 - Signal <memory_array<58>> is used but never assigned. This sourceless signal will be automatically connected to value GND.
WARNING:Xst:653 - Signal <memory_array<59>> is used but never assigned. This sourceless signal will be automatically connected to value GND.
WARNING:Xst:653 - Signal <memory_array<60>> is used but never assigned. This sourceless signal will be automatically connected to value GND.
WARNING:Xst:653 - Signal <memory_array<61>> is used but never assigned. This sourceless signal will be automatically connected to value GND.
WARNING:Xst:653 - Signal <memory_array<62>> is used but never assigned. This sourceless signal will be automatically connected to value GND.
WARNING:Xst:653 - Signal <memory_array<63>> is used but never assigned. This sourceless signal will be automatically connected to value GND.
WARNING:Xst:653 - Signal <memory_array<64>> is used but never assigned. This sourceless signal will be automatically connected to value GND.
WARNING:Xst:653 - Signal <memory_array<65>> is used but never assigned. This sourceless signal will be automatically connected to value GND.
WARNING:Xst:653 - Signal <memory_array<66>> is used but never assigned. This sourceless signal will be automatically connected to value GND.
WARNING:Xst:653 - Signal <memory_array<67>> is used but never assigned. This sourceless signal will be automatically connected to value GND.
WARNING:Xst:653 - Signal <memory_array<68>> is used but never assigned. This sourceless signal will be automatically connected to value GND.
WARNING:Xst:653 - Signal <memory_array<69>> is used but never assigned. This sourceless signal will be automatically connected to value GND.
WARNING:Xst:653 - Signal <memory_array<70>> is used but never assigned. This sourceless signal will be automatically connected to value GND.
WARNING:Xst:653 - Signal <memory_array<71>> is used but never assigned. This sourceless signal will be automatically connected to value GND.
WARNING:Xst:653 - Signal <memory_array<72>> is used but never assigned. This sourceless signal will be automatically connected to value GND.
WARNING:Xst:653 - Signal <memory_array<73>> is used but never assigned. This sourceless signal will be automatically connected to value GND.
WARNING:Xst:653 - Signal <memory_array<74>> is used but never assigned. This sourceless signal will be automatically connected to value GND.
WARNING:Xst:653 - Signal <memory_array<75>> is used but never assigned. This sourceless signal will be automatically connected to value GND.
WARNING:Xst:653 - Signal <memory_array<76>> is used but never assigned. This sourceless signal will be automatically connected to value GND.
WARNING:Xst:653 - Signal <memory_array<77>> is used but never assigned. This sourceless signal will be automatically connected to value GND.
WARNING:Xst:653 - Signal <memory_array<78>> is used but never assigned. This sourceless signal will be automatically connected to value GND.
WARNING:Xst:653 - Signal <memory_array<79>> is used but never assigned. This sourceless signal will be automatically connected to value GND.
WARNING:Xst:653 - Signal <memory_array<80>> is used but never assigned. This sourceless signal will be automatically connected to value GND.
WARNING:Xst:653 - Signal <memory_array<81>> is used but never assigned. This sourceless signal will be automatically connected to value GND.
WARNING:Xst:653 - Signal <memory_array<82>> is used but never assigned. This sourceless signal will be automatically connected to value GND.
WARNING:Xst:653 - Signal <memory_array<83>> is used but never assigned. This sourceless signal will be automatically connected to value GND.
WARNING:Xst:653 - Signal <memory_array<84>> is used but never assigned. This sourceless signal will be automatically connected to value GND.
WARNING:Xst:653 - Signal <memory_array<85>> is used but never assigned. This sourceless signal will be automatically connected to value GND.
WARNING:Xst:653 - Signal <memory_array<86>> is used but never assigned. This sourceless signal will be automatically connected to value GND.
WARNING:Xst:653 - Signal <memory_array<87>> is used but never assigned. This sourceless signal will be automatically connected to value GND.
WARNING:Xst:653 - Signal <memory_array<88>> is used but never assigned. This sourceless signal will be automatically connected to value GND.
WARNING:Xst:653 - Signal <memory_array<89>> is used but never assigned. This sourceless signal will be automatically connected to value GND.
WARNING:Xst:653 - Signal <memory_array<90>> is used but never assigned. This sourceless signal will be automatically connected to value GND.
WARNING:Xst:653 - Signal <memory_array<91>> is used but never assigned. This sourceless signal will be automatically connected to value GND.
WARNING:Xst:653 - Signal <memory_array<92>> is used but never assigned. This sourceless signal will be automatically connected to value GND.
WARNING:Xst:653 - Signal <memory_array<93>> is used but never assigned. This sourceless signal will be automatically connected to value GND.
WARNING:Xst:653 - Signal <memory_array<94>> is used but never assigned. This sourceless signal will be automatically connected to value GND.
WARNING:Xst:653 - Signal <memory_array<95>> is used but never assigned. This sourceless signal will be automatically connected to value GND.
WARNING:Xst:653 - Signal <memory_array<96>> is used but never assigned. This sourceless signal will be automatically connected to value GND.
WARNING:Xst:653 - Signal <memory_array<97>> is used but never assigned. This sourceless signal will be automatically connected to value GND.
WARNING:Xst:653 - Signal <memory_array<98>> is used but never assigned. This sourceless signal will be automatically connected to value GND.
WARNING:Xst:653 - Signal <memory_array<99>> is used but never assigned. This sourceless signal will be automatically connected to value GND.
WARNING:Xst:653 - Signal <memory_array<100>> is used but never assigned. This sourceless signal will be automatically connected to value GND.
WARNING:Xst:653 - Signal <memory_array<101>> is used but never assigned. This sourceless signal will be automatically connected to value GND.
WARNING:Xst:653 - Signal <memory_array<102>> is used but never assigned. This sourceless signal will be automatically connected to value GND.
WARNING:Xst:653 - Signal <memory_array<103>> is used but never assigned. This sourceless signal will be automatically connected to value GND.
WARNING:Xst:653 - Signal <memory_array<104>> is used but never assigned. This sourceless signal will be automatically connected to value GND.
WARNING:Xst:653 - Signal <memory_array<105>> is used but never assigned. This sourceless signal will be automatically connected to value GND.
WARNING:Xst:653 - Signal <memory_array<106>> is used but never assigned. This sourceless signal will be automatically connected to value GND.
WARNING:Xst:653 - Signal <memory_array<107>> is used but never assigned. This sourceless signal will be automatically connected to value GND.
WARNING:Xst:653 - Signal <memory_array<108>> is used but never assigned. This sourceless signal will be automatically connected to value GND.
WARNING:Xst:653 - Signal <memory_array<109>> is used but never assigned. This sourceless signal will be automatically connected to value GND.
WARNING:Xst:653 - Signal <memory_array<110>> is used but never assigned. This sourceless signal will be automatically connected to value GND.
WARNING:Xst:653 - Signal <memory_array<111>> is used but never assigned. This sourceless signal will be automatically connected to value GND.
WARNING:Xst:653 - Signal <memory_array<112>> is used but never assigned. This sourceless signal will be automatically connected to value GND.
WARNING:Xst:653 - Signal <memory_array<113>> is used but never assigned. This sourceless signal will be automatically connected to value GND.
WARNING:Xst:653 - Signal <memory_array<114>> is used but never assigned. This sourceless signal will be automatically connected to value GND.
WARNING:Xst:653 - Signal <memory_array<115>> is used but never assigned. This sourceless signal will be automatically connected to value GND.
WARNING:Xst:653 - Signal <memory_array<116>> is used but never assigned. This sourceless signal will be automatically connected to value GND.
WARNING:Xst:653 - Signal <memory_array<117>> is used but never assigned. This sourceless signal will be automatically connected to value GND.
WARNING:Xst:653 - Signal <memory_array<118>> is used but never assigned. This sourceless signal will be automatically connected to value GND.
WARNING:Xst:653 - Signal <memory_array<119>> is used but never assigned. This sourceless signal will be automatically connected to value GND.
WARNING:Xst:653 - Signal <memory_array<120>> is used but never assigned. This sourceless signal will be automatically connected to value GND.
WARNING:Xst:653 - Signal <memory_array<121>> is used but never assigned. This sourceless signal will be automatically connected to value GND.
WARNING:Xst:653 - Signal <memory_array<122>> is used but never assigned. This sourceless signal will be automatically connected to value GND.
WARNING:Xst:653 - Signal <memory_array<123>> is used but never assigned. This sourceless signal will be automatically connected to value GND.
WARNING:Xst:653 - Signal <memory_array<124>> is used but never assigned. This sourceless signal will be automatically connected to value GND.
WARNING:Xst:653 - Signal <memory_array<125>> is used but never assigned. This sourceless signal will be automatically connected to value GND.
WARNING:Xst:653 - Signal <memory_array<126>> is used but never assigned. This sourceless signal will be automatically connected to value GND.
WARNING:Xst:653 - Signal <memory_array<127>> is used but never assigned. This sourceless signal will be automatically connected to value GND.
WARNING:Xst:653 - Signal <memory_array<128>> is used but never assigned. This sourceless signal will be automatically connected to value GND.
WARNING:Xst:653 - Signal <memory_array<129>> is used but never assigned. This sourceless signal will be automatically connected to value GND.
WARNING:Xst:653 - Signal <memory_array<130>> is used but never assigned. This sourceless signal will be automatically connected to value GND.
WARNING:Xst:653 - Signal <memory_array<131>> is used but never assigned. This sourceless signal will be automatically connected to value GND.
WARNING:Xst:653 - Signal <memory_array<132>> is used but never assigned. This sourceless signal will be automatically connected to value GND.
WARNING:Xst:653 - Signal <memory_array<133>> is used but never assigned. This sourceless signal will be automatically connected to value GND.
WARNING:Xst:653 - Signal <memory_array<134>> is used but never assigned. This sourceless signal will be automatically connected to value GND.
WARNING:Xst:653 - Signal <memory_array<135>> is used but never assigned. This sourceless signal will be automatically connected to value GND.
WARNING:Xst:653 - Signal <memory_array<136>> is used but never assigned. This sourceless signal will be automatically connected to value GND.
WARNING:Xst:653 - Signal <memory_array<137>> is used but never assigned. This sourceless signal will be automatically connected to value GND.
WARNING:Xst:653 - Signal <memory_array<138>> is used but never assigned. This sourceless signal will be automatically connected to value GND.
WARNING:Xst:653 - Signal <memory_array<139>> is used but never assigned. This sourceless signal will be automatically connected to value GND.
WARNING:Xst:653 - Signal <memory_array<140>> is used but never assigned. This sourceless signal will be automatically connected to value GND.
WARNING:Xst:653 - Signal <memory_array<141>> is used but never assigned. This sourceless signal will be automatically connected to value GND.
WARNING:Xst:653 - Signal <memory_array<142>> is used but never assigned. This sourceless signal will be automatically connected to value GND.
WARNING:Xst:653 - Signal <memory_array<143>> is used but never assigned. This sourceless signal will be automatically connected to value GND.
WARNING:Xst:653 - Signal <memory_array<144>> is used but never assigned. This sourceless signal will be automatically connected to value GND.
WARNING:Xst:653 - Signal <memory_array<145>> is used but never assigned. This sourceless signal will be automatically connected to value GND.
WARNING:Xst:653 - Signal <memory_array<146>> is used but never assigned. This sourceless signal will be automatically connected to value GND.
WARNING:Xst:653 - Signal <memory_array<147>> is used but never assigned. This sourceless signal will be automatically connected to value GND.
WARNING:Xst:653 - Signal <memory_array<148>> is used but never assigned. This sourceless signal will be automatically connected to value GND.
WARNING:Xst:653 - Signal <memory_array<149>> is used but never assigned. This sourceless signal will be automatically connected to value GND.
WARNING:Xst:653 - Signal <memory_array<150>> is used but never assigned. This sourceless signal will be automatically connected to value GND.
WARNING:Xst:653 - Signal <memory_array<151>> is used but never assigned. This sourceless signal will be automatically connected to value GND.
WARNING:Xst:653 - Signal <memory_array<152>> is used but never assigned. This sourceless signal will be automatically connected to value GND.
WARNING:Xst:653 - Signal <memory_array<153>> is used but never assigned. This sourceless signal will be automatically connected to value GND.
WARNING:Xst:653 - Signal <memory_array<154>> is used but never assigned. This sourceless signal will be automatically connected to value GND.
WARNING:Xst:653 - Signal <memory_array<155>> is used but never assigned. This sourceless signal will be automatically connected to value GND.
WARNING:Xst:653 - Signal <memory_array<156>> is used but never assigned. This sourceless signal will be automatically connected to value GND.
WARNING:Xst:653 - Signal <memory_array<157>> is used but never assigned. This sourceless signal will be automatically connected to value GND.
WARNING:Xst:653 - Signal <memory_array<158>> is used but never assigned. This sourceless signal will be automatically connected to value GND.
WARNING:Xst:653 - Signal <memory_array<159>> is used but never assigned. This sourceless signal will be automatically connected to value GND.
WARNING:Xst:653 - Signal <memory_array<160>> is used but never assigned. This sourceless signal will be automatically connected to value GND.
WARNING:Xst:653 - Signal <memory_array<161>> is used but never assigned. This sourceless signal will be automatically connected to value GND.
WARNING:Xst:653 - Signal <memory_array<162>> is used but never assigned. This sourceless signal will be automatically connected to value GND.
WARNING:Xst:653 - Signal <memory_array<163>> is used but never assigned. This sourceless signal will be automatically connected to value GND.
WARNING:Xst:653 - Signal <memory_array<164>> is used but never assigned. This sourceless signal will be automatically connected to value GND.
WARNING:Xst:653 - Signal <memory_array<165>> is used but never assigned. This sourceless signal will be automatically connected to value GND.
WARNING:Xst:653 - Signal <memory_array<166>> is used but never assigned. This sourceless signal will be automatically connected to value GND.
WARNING:Xst:653 - Signal <memory_array<167>> is used but never assigned. This sourceless signal will be automatically connected to value GND.
WARNING:Xst:653 - Signal <memory_array<168>> is used but never assigned. This sourceless signal will be automatically connected to value GND.
WARNING:Xst:653 - Signal <memory_array<169>> is used but never assigned. This sourceless signal will be automatically connected to value GND.
WARNING:Xst:653 - Signal <memory_array<170>> is used but never assigned. This sourceless signal will be automatically connected to value GND.
WARNING:Xst:653 - Signal <memory_array<171>> is used but never assigned. This sourceless signal will be automatically connected to value GND.
WARNING:Xst:653 - Signal <memory_array<172>> is used but never assigned. This sourceless signal will be automatically connected to value GND.
WARNING:Xst:653 - Signal <memory_array<173>> is used but never assigned. This sourceless signal will be automatically connected to value GND.
WARNING:Xst:653 - Signal <memory_array<174>> is used but never assigned. This sourceless signal will be automatically connected to value GND.
WARNING:Xst:653 - Signal <memory_array<175>> is used but never assigned. This sourceless signal will be automatically connected to value GND.
WARNING:Xst:653 - Signal <memory_array<176>> is used but never assigned. This sourceless signal will be automatically connected to value GND.
WARNING:Xst:653 - Signal <memory_array<177>> is used but never assigned. This sourceless signal will be automatically connected to value GND.
WARNING:Xst:653 - Signal <memory_array<178>> is used but never assigned. This sourceless signal will be automatically connected to value GND.
WARNING:Xst:653 - Signal <memory_array<179>> is used but never assigned. This sourceless signal will be automatically connected to value GND.
WARNING:Xst:653 - Signal <memory_array<180>> is used but never assigned. This sourceless signal will be automatically connected to value GND.
WARNING:Xst:653 - Signal <memory_array<181>> is used but never assigned. This sourceless signal will be automatically connected to value GND.
WARNING:Xst:653 - Signal <memory_array<182>> is used but never assigned. This sourceless signal will be automatically connected to value GND.
WARNING:Xst:653 - Signal <memory_array<183>> is used but never assigned. This sourceless signal will be automatically connected to value GND.
WARNING:Xst:653 - Signal <memory_array<184>> is used but never assigned. This sourceless signal will be automatically connected to value GND.
WARNING:Xst:653 - Signal <memory_array<185>> is used but never assigned. This sourceless signal will be automatically connected to value GND.
WARNING:Xst:653 - Signal <memory_array<186>> is used but never assigned. This sourceless signal will be automatically connected to value GND.
WARNING:Xst:653 - Signal <memory_array<187>> is used but never assigned. This sourceless signal will be automatically connected to value GND.
WARNING:Xst:653 - Signal <memory_array<188>> is used but never assigned. This sourceless signal will be automatically connected to value GND.
WARNING:Xst:653 - Signal <memory_array<189>> is used but never assigned. This sourceless signal will be automatically connected to value GND.
WARNING:Xst:653 - Signal <memory_array<190>> is used but never assigned. This sourceless signal will be automatically connected to value GND.
WARNING:Xst:653 - Signal <memory_array<191>> is used but never assigned. This sourceless signal will be automatically connected to value GND.
WARNING:Xst:653 - Signal <memory_array<192>> is used but never assigned. This sourceless signal will be automatically connected to value GND.
WARNING:Xst:653 - Signal <memory_array<193>> is used but never assigned. This sourceless signal will be automatically connected to value GND.
WARNING:Xst:653 - Signal <memory_array<194>> is used but never assigned. This sourceless signal will be automatically connected to value GND.
WARNING:Xst:653 - Signal <memory_array<195>> is used but never assigned. This sourceless signal will be automatically connected to value GND.
WARNING:Xst:653 - Signal <memory_array<196>> is used but never assigned. This sourceless signal will be automatically connected to value GND.
WARNING:Xst:653 - Signal <memory_array<197>> is used but never assigned. This sourceless signal will be automatically connected to value GND.
WARNING:Xst:653 - Signal <memory_array<198>> is used but never assigned. This sourceless signal will be automatically connected to value GND.
WARNING:Xst:653 - Signal <memory_array<199>> is used but never assigned. This sourceless signal will be automatically connected to value GND.
WARNING:Xst:653 - Signal <memory_array<200>> is used but never assigned. This sourceless signal will be automatically connected to value GND.
WARNING:Xst:653 - Signal <memory_array<201>> is used but never assigned. This sourceless signal will be automatically connected to value GND.
WARNING:Xst:653 - Signal <memory_array<202>> is used but never assigned. This sourceless signal will be automatically connected to value GND.
WARNING:Xst:653 - Signal <memory_array<203>> is used but never assigned. This sourceless signal will be automatically connected to value GND.
WARNING:Xst:653 - Signal <memory_array<204>> is used but never assigned. This sourceless signal will be automatically connected to value GND.
WARNING:Xst:653 - Signal <memory_array<205>> is used but never assigned. This sourceless signal will be automatically connected to value GND.
WARNING:Xst:653 - Signal <memory_array<206>> is used but never assigned. This sourceless signal will be automatically connected to value GND.
WARNING:Xst:653 - Signal <memory_array<207>> is used but never assigned. This sourceless signal will be automatically connected to value GND.
WARNING:Xst:653 - Signal <memory_array<208>> is used but never assigned. This sourceless signal will be automatically connected to value GND.
WARNING:Xst:653 - Signal <memory_array<209>> is used but never assigned. This sourceless signal will be automatically connected to value GND.
WARNING:Xst:653 - Signal <memory_array<210>> is used but never assigned. This sourceless signal will be automatically connected to value GND.
WARNING:Xst:653 - Signal <memory_array<211>> is used but never assigned. This sourceless signal will be automatically connected to value GND.
WARNING:Xst:653 - Signal <memory_array<212>> is used but never assigned. This sourceless signal will be automatically connected to value GND.
WARNING:Xst:653 - Signal <memory_array<213>> is used but never assigned. This sourceless signal will be automatically connected to value GND.
WARNING:Xst:653 - Signal <memory_array<214>> is used but never assigned. This sourceless signal will be automatically connected to value GND.
WARNING:Xst:653 - Signal <memory_array<215>> is used but never assigned. This sourceless signal will be automatically connected to value GND.
WARNING:Xst:653 - Signal <memory_array<216>> is used but never assigned. This sourceless signal will be automatically connected to value GND.
WARNING:Xst:653 - Signal <memory_array<217>> is used but never assigned. This sourceless signal will be automatically connected to value GND.
WARNING:Xst:653 - Signal <memory_array<218>> is used but never assigned. This sourceless signal will be automatically connected to value GND.
WARNING:Xst:653 - Signal <memory_array<219>> is used but never assigned. This sourceless signal will be automatically connected to value GND.
WARNING:Xst:653 - Signal <memory_array<220>> is used but never assigned. This sourceless signal will be automatically connected to value GND.
WARNING:Xst:653 - Signal <memory_array<221>> is used but never assigned. This sourceless signal will be automatically connected to value GND.
WARNING:Xst:653 - Signal <memory_array<222>> is used but never assigned. This sourceless signal will be automatically connected to value GND.
WARNING:Xst:653 - Signal <memory_array<223>> is used but never assigned. This sourceless signal will be automatically connected to value GND.
WARNING:Xst:653 - Signal <memory_array<224>> is used but never assigned. This sourceless signal will be automatically connected to value GND.
WARNING:Xst:653 - Signal <memory_array<225>> is used but never assigned. This sourceless signal will be automatically connected to value GND.
WARNING:Xst:653 - Signal <memory_array<226>> is used but never assigned. This sourceless signal will be automatically connected to value GND.
WARNING:Xst:653 - Signal <memory_array<227>> is used but never assigned. This sourceless signal will be automatically connected to value GND.
WARNING:Xst:653 - Signal <memory_array<228>> is used but never assigned. This sourceless signal will be automatically connected to value GND.
WARNING:Xst:653 - Signal <memory_array<229>> is used but never assigned. This sourceless signal will be automatically connected to value GND.
WARNING:Xst:653 - Signal <memory_array<230>> is used but never assigned. This sourceless signal will be automatically connected to value GND.
WARNING:Xst:653 - Signal <memory_array<231>> is used but never assigned. This sourceless signal will be automatically connected to value GND.
WARNING:Xst:653 - Signal <memory_array<232>> is used but never assigned. This sourceless signal will be automatically connected to value GND.
WARNING:Xst:653 - Signal <memory_array<233>> is used but never assigned. This sourceless signal will be automatically connected to value GND.
WARNING:Xst:653 - Signal <memory_array<234>> is used but never assigned. This sourceless signal will be automatically connected to value GND.
WARNING:Xst:653 - Signal <memory_array<235>> is used but never assigned. This sourceless signal will be automatically connected to value GND.
WARNING:Xst:653 - Signal <memory_array<236>> is used but never assigned. This sourceless signal will be automatically connected to value GND.
WARNING:Xst:653 - Signal <memory_array<237>> is used but never assigned. This sourceless signal will be automatically connected to value GND.
WARNING:Xst:653 - Signal <memory_array<238>> is used but never assigned. This sourceless signal will be automatically connected to value GND.
WARNING:Xst:653 - Signal <memory_array<239>> is used but never assigned. This sourceless signal will be automatically connected to value GND.
WARNING:Xst:653 - Signal <memory_array<240>> is used but never assigned. This sourceless signal will be automatically connected to value GND.
WARNING:Xst:653 - Signal <memory_array<241>> is used but never assigned. This sourceless signal will be automatically connected to value GND.
WARNING:Xst:653 - Signal <memory_array<242>> is used but never assigned. This sourceless signal will be automatically connected to value GND.
WARNING:Xst:653 - Signal <memory_array<243>> is used but never assigned. This sourceless signal will be automatically connected to value GND.
WARNING:Xst:653 - Signal <memory_array<244>> is used but never assigned. This sourceless signal will be automatically connected to value GND.
WARNING:Xst:653 - Signal <memory_array<245>> is used but never assigned. This sourceless signal will be automatically connected to value GND.
WARNING:Xst:653 - Signal <memory_array<246>> is used but never assigned. This sourceless signal will be automatically connected to value GND.
WARNING:Xst:653 - Signal <memory_array<247>> is used but never assigned. This sourceless signal will be automatically connected to value GND.
WARNING:Xst:653 - Signal <memory_array<248>> is used but never assigned. This sourceless signal will be automatically connected to value GND.
WARNING:Xst:653 - Signal <memory_array<249>> is used but never assigned. This sourceless signal will be automatically connected to value GND.
WARNING:Xst:653 - Signal <memory_array<250>> is used but never assigned. This sourceless signal will be automatically connected to value GND.
WARNING:Xst:653 - Signal <memory_array<251>> is used but never assigned. This sourceless signal will be automatically connected to value GND.
WARNING:Xst:653 - Signal <memory_array<252>> is used but never assigned. This sourceless signal will be automatically connected to value GND.
WARNING:Xst:653 - Signal <memory_array<253>> is used but never assigned. This sourceless signal will be automatically connected to value GND.
WARNING:Xst:653 - Signal <memory_array<254>> is used but never assigned. This sourceless signal will be automatically connected to value GND.
WARNING:Xst:653 - Signal <memory_array<255>> is used but never assigned. This sourceless signal will be automatically connected to value GND.
    WARNING:Xst:2404 -  FFs/Latches <memory_array<2><6><0:0>> (without init value) have a constant value of 0 in block <sram>.
    WARNING:Xst:2404 -  FFs/Latches <memory_array<2><5><6:6>> (without init value) have a constant value of 0 in block <sram>.
    WARNING:Xst:2404 -  FFs/Latches <memory_array<2><4><5:5>> (without init value) have a constant value of 0 in block <sram>.
    WARNING:Xst:2404 -  FFs/Latches <memory_array<2><3><4:4>> (without init value) have a constant value of 0 in block <sram>.
    WARNING:Xst:2404 -  FFs/Latches <memory_array<2><2><3:3>> (without init value) have a constant value of 0 in block <sram>.
    WARNING:Xst:2404 -  FFs/Latches <memory_array<2><1><2:2>> (without init value) have a constant value of 0 in block <sram>.
    WARNING:Xst:2404 -  FFs/Latches <memory_array<2><0><1:1>> (without init value) have a constant value of 0 in block <sram>.
    WARNING:Xst:2404 -  FFs/Latches <memory_array<3><7><0:0>> (without init value) have a constant value of 0 in block <sram>.
    WARNING:Xst:2404 -  FFs/Latches <memory_array<3><6><7:7>> (without init value) have a constant value of 0 in block <sram>.
    WARNING:Xst:2404 -  FFs/Latches <memory_array<3><5><6:6>> (without init value) have a constant value of 0 in block <sram>.
    WARNING:Xst:2404 -  FFs/Latches <memory_array<3><4><5:5>> (without init value) have a constant value of 0 in block <sram>.
    WARNING:Xst:2404 -  FFs/Latches <memory_array<3><3><4:4>> (without init value) have a constant value of 0 in block <sram>.
    WARNING:Xst:2404 -  FFs/Latches <memory_array<3><2><3:3>> (without init value) have a constant value of 0 in block <sram>.
    WARNING:Xst:2404 -  FFs/Latches <memory_array<3><1><2:2>> (without init value) have a constant value of 0 in block <sram>.
    WARNING:Xst:2404 -  FFs/Latches <memory_array<3><0><0:0>> (without init value) have a constant value of 1 in block <sram>.
    WARNING:Xst:2404 -  FFs/Latches <memory_array<4><7><0:0>> (without init value) have a constant value of 1 in block <sram>.
    WARNING:Xst:2404 -  FFs/Latches <memory_array<4><6><1:1>> (without init value) have a constant value of 0 in block <sram>.
    WARNING:Xst:2404 -  FFs/Latches <memory_array<4><5><6:6>> (without init value) have a constant value of 0 in block <sram>.
    WARNING:Xst:2404 -  FFs/Latches <memory_array<4><4><5:5>> (without init value) have a constant value of 0 in block <sram>.
    WARNING:Xst:2404 -  FFs/Latches <memory_array<4><3><4:4>> (without init value) have a constant value of 0 in block <sram>.
    WARNING:Xst:2404 -  FFs/Latches <memory_array<4><2><3:3>> (without init value) have a constant value of 0 in block <sram>.
    WARNING:Xst:2404 -  FFs/Latches <memory_array<4><1><2:2>> (without init value) have a constant value of 0 in block <sram>.
    WARNING:Xst:2404 -  FFs/Latches <memory_array<4><0><7:7>> (without init value) have a constant value of 1 in block <sram>.
    WARNING:Xst:2404 -  FFs/Latches <memory_array<5><7><1:1>> (without init value) have a constant value of 0 in block <sram>.
    WARNING:Xst:2404 -  FFs/Latches <memory_array<5><6><7:7>> (without init value) have a constant value of 0 in block <sram>.
    WARNING:Xst:2404 -  FFs/Latches <memory_array<5><5><6:6>> (without init value) have a constant value of 0 in block <sram>.
    WARNING:Xst:2404 -  FFs/Latches <memory_array<5><4><5:5>> (without init value) have a constant value of 0 in block <sram>.
    WARNING:Xst:2404 -  FFs/Latches <memory_array<5><3><4:4>> (without init value) have a constant value of 0 in block <sram>.
    WARNING:Xst:2404 -  FFs/Latches <memory_array<5><2><3:3>> (without init value) have a constant value of 0 in block <sram>.
    WARNING:Xst:2404 -  FFs/Latches <memory_array<5><1><2:2>> (without init value) have a constant value of 0 in block <sram>.
    WARNING:Xst:2404 -  FFs/Latches <memory_array<5><0><0:0>> (without init value) have a constant value of 1 in block <sram>.
    WARNING:Xst:2404 -  FFs/Latches <memory_array<6><7><0:0>> (without init value) have a constant value of 1 in block <sram>.
    WARNING:Xst:2404 -  FFs/Latches <memory_array<6><6><1:1>> (without init value) have a constant value of 0 in block <sram>.
    WARNING:Xst:2404 -  FFs/Latches <memory_array<6><5><6:6>> (without init value) have a constant value of 0 in block <sram>.
    WARNING:Xst:2404 -  FFs/Latches <memory_array<6><4><5:5>> (without init value) have a constant value of 0 in block <sram>.
    WARNING:Xst:2404 -  FFs/Latches <memory_array<6><3><4:4>> (without init value) have a constant value of 0 in block <sram>.
    WARNING:Xst:2404 -  FFs/Latches <memory_array<6><2><3:3>> (without init value) have a constant value of 0 in block <sram>.
    WARNING:Xst:2404 -  FFs/Latches <memory_array<6><1><7:7>> (without init value) have a constant value of 1 in block <sram>.
    WARNING:Xst:2404 -  FFs/Latches <memory_array<6><0><2:2>> (without init value) have a constant value of 0 in block <sram>.
    WARNING:Xst:2404 -  FFs/Latches <memory_array<7><7><0:0>> (without init value) have a constant value of 0 in block <sram>.
    WARNING:Xst:2404 -  FFs/Latches <memory_array<7><6><7:7>> (without init value) have a constant value of 0 in block <sram>.
    WARNING:Xst:2404 -  FFs/Latches <memory_array<7><5><6:6>> (without init value) have a constant value of 0 in block <sram>.
    WARNING:Xst:2404 -  FFs/Latches <memory_array<7><4><5:5>> (without init value) have a constant value of 0 in block <sram>.
    WARNING:Xst:2404 -  FFs/Latches <memory_array<7><3><1:1>> (without init value) have a constant value of 1 in block <sram>.
    WARNING:Xst:2404 -  FFs/Latches <memory_array<7><2><4:4>> (without init value) have a constant value of 0 in block <sram>.
    WARNING:Xst:2404 -  FFs/Latches <memory_array<7><1><2:2>> (without init value) have a constant value of 0 in block <sram>.
    WARNING:Xst:2404 -  FFs/Latches <memory_array<7><0><1:1>> (without init value) have a constant value of 0 in block <sram>.
    WARNING:Xst:2404 -  FFs/Latches <memory_array<8><7><0:0>> (without init value) have a constant value of 0 in block <sram>.
    WARNING:Xst:2404 -  FFs/Latches <memory_array<8><6><3:3>> (without init value) have a constant value of 1 in block <sram>.
    WARNING:Xst:2404 -  FFs/Latches <memory_array<8><5><7:7>> (without init value) have a constant value of 0 in block <sram>.
    WARNING:Xst:2404 -  FFs/Latches <memory_array<8><4><5:5>> (without init value) have a constant value of 0 in block <sram>.
    WARNING:Xst:2404 -  FFs/Latches <memory_array<8><3><4:4>> (without init value) have a constant value of 0 in block <sram>.
    WARNING:Xst:2404 -  FFs/Latches <memory_array<8><2><3:3>> (without init value) have a constant value of 0 in block <sram>.
    WARNING:Xst:2404 -  FFs/Latches <memory_array<8><1><2:2>> (without init value) have a constant value of 0 in block <sram>.
    WARNING:Xst:2404 -  FFs/Latches <memory_array<8><0><6:6>> (without init value) have a constant value of 1 in block <sram>.
    WARNING:Xst:2404 -  FFs/Latches <memory_array<9><7><1:1>> (without init value) have a constant value of 0 in block <sram>.
    WARNING:Xst:2404 -  FFs/Latches <memory_array<9><6><0:0>> (without init value) have a constant value of 1 in block <sram>.
    WARNING:Xst:2404 -  FFs/Latches <memory_array<9><5><7:7>> (without init value) have a constant value of 0 in block <sram>.
    WARNING:Xst:2404 -  FFs/Latches <memory_array<9><4><5:5>> (without init value) have a constant value of 0 in block <sram>.
    WARNING:Xst:2404 -  FFs/Latches <memory_array<9><3><4:4>> (without init value) have a constant value of 0 in block <sram>.
    WARNING:Xst:2404 -  FFs/Latches <memory_array<9><2><6:6>> (without init value) have a constant value of 1 in block <sram>.
    WARNING:Xst:2404 -  FFs/Latches <memory_array<9><1><3:3>> (without init value) have a constant value of 0 in block <sram>.
    WARNING:Xst:2404 -  FFs/Latches <memory_array<9><0><1:1>> (without init value) have a constant value of 0 in block <sram>.
    WARNING:Xst:2404 -  FFs/Latches <memory_array<10><7><2:2>> (without init value) have a constant value of 1 in block <sram>.
    WARNING:Xst:2404 -  FFs/Latches <memory_array<10><6><0:0>> (without init value) have a constant value of 0 in block <sram>.
    WARNING:Xst:2404 -  FFs/Latches <memory_array<10><5><6:6>> (without init value) have a constant value of 0 in block <sram>.
    WARNING:Xst:2404 -  FFs/Latches <memory_array<10><4><7:7>> (without init value) have a constant value of 1 in block <sram>.
    WARNING:Xst:2404 -  FFs/Latches <memory_array<10><3><5:5>> (without init value) have a constant value of 0 in block <sram>.
    WARNING:Xst:2404 -  FFs/Latches <memory_array<10><2><3:3>> (without init value) have a constant value of 0 in block <sram>.
    WARNING:Xst:2404 -  FFs/Latches <memory_array<10><1><4:4>> (without init value) have a constant value of 1 in block <sram>.
    WARNING:Xst:2404 -  FFs/Latches <memory_array<10><0><2:2>> (without init value) have a constant value of 0 in block <sram>.
    WARNING:Xst:2404 -  FFs/Latches <memory_array<2><7><1:1>> (without init value) have a constant value of 1 in block <sram>.
    Summary:
	no macro.
Unit <sram> synthesized.

Synthesizing Unit <seven_seg>.
    Related source file is "C:\Users\Ramesh\Documents\ISE\COA\seven_seg.v".
    Found 4-bit register for signal <Anode_Activate>.
    Found 2-bit register for signal <count>.
    Found 11-bit register for signal <mycounter>.
    Found 4-bit register for signal <LED_BCD>.
    Found 2-bit adder for signal <count[1]_GND_3_o_add_11_OUT> created at line 55.
    Found 11-bit adder for signal <mycounter[10]_GND_3_o_add_15_OUT> created at line 57.
    Found 16x7-bit Read Only RAM for signal <LED_out>
    Found 4x4-bit Read Only RAM for signal <PWR_3_o_GND_3_o_mux_10_OUT>
    Summary:
	inferred   2 RAM(s).
	inferred   2 Adder/Subtractor(s).
	inferred  21 D-type flip-flop(s).
Unit <seven_seg> synthesized.

=========================================================================
HDL Synthesis Report

Macro Statistics
# RAMs                                                 : 2
 16x7-bit single-port Read Only RAM                    : 1
 4x4-bit single-port Read Only RAM                     : 1
# Adders/Subtractors                                   : 2
 11-bit adder                                          : 1
 2-bit adder                                           : 1
# Registers                                            : 4
 11-bit register                                       : 1
 2-bit register                                        : 1
 4-bit register                                        : 2

=========================================================================

=========================================================================
*                       Advanced HDL Synthesis                          *
=========================================================================

WARNING:Xst:1710 - FF/Latch <LED_BCD_0> (without init value) has a constant value of 0 in block <seven_seg0>. This FF/Latch will be trimmed during the optimization process.
WARNING:Xst:1710 - FF/Latch <LED_BCD_1> (without init value) has a constant value of 0 in block <seven_seg0>. This FF/Latch will be trimmed during the optimization process.
WARNING:Xst:1710 - FF/Latch <LED_BCD_2> (without init value) has a constant value of 0 in block <seven_seg0>. This FF/Latch will be trimmed during the optimization process.
WARNING:Xst:1710 - FF/Latch <LED_BCD_3> (without init value) has a constant value of 0 in block <seven_seg0>. This FF/Latch will be trimmed during the optimization process.

Synthesizing (advanced) Unit <seven_seg>.
The following registers are absorbed into counter <mycounter>: 1 register on signal <mycounter>.
The following registers are absorbed into counter <count>: 1 register on signal <count>.
INFO:Xst:3231 - The small RAM <Mram_LED_out> will be implemented on LUTs in order to maximize performance and save block RAM resources. If you want to force its implementation on block, use option/constraint ram_style.
    -----------------------------------------------------------------------
    | ram_type           | Distributed                         |          |
    -----------------------------------------------------------------------
    | Port A                                                              |
    |     aspect ratio   | 16-word x 7-bit                     |          |
    |     weA            | connected to signal <GND>           | high     |
    |     addrA          | connected to signal <LED_BCD>       |          |
    |     diA            | connected to signal <GND>           |          |
    |     doA            | connected to signal <LED_out>       |          |
    -----------------------------------------------------------------------
INFO:Xst:3231 - The small RAM <Mram_PWR_3_o_GND_3_o_mux_10_OUT> will be implemented on LUTs in order to maximize performance and save block RAM resources. If you want to force its implementation on block, use option/constraint ram_style.
    -----------------------------------------------------------------------
    | ram_type           | Distributed                         |          |
    -----------------------------------------------------------------------
    | Port A                                                              |
    |     aspect ratio   | 4-word x 4-bit                      |          |
    |     weA            | connected to signal <GND>           | high     |
    |     addrA          | connected to signal <count>         |          |
    |     diA            | connected to signal <GND>           |          |
    |     doA            | connected to internal node          |          |
    -----------------------------------------------------------------------
Unit <seven_seg> synthesized (advanced).

=========================================================================
Advanced HDL Synthesis Report

Macro Statistics
# RAMs                                                 : 2
 16x7-bit single-port distributed Read Only RAM        : 1
 4x4-bit single-port distributed Read Only RAM         : 1
# Counters                                             : 2
 11-bit up counter                                     : 1
 2-bit up counter                                      : 1
# Registers                                            : 8
 Flip-Flops                                            : 8

=========================================================================

=========================================================================
*                         Low Level Synthesis                           *
=========================================================================
WARNING:Xst:1710 - FF/Latch <LED_BCD_0> (without init value) has a constant value of 0 in block <seven_seg>. This FF/Latch will be trimmed during the optimization process.
WARNING:Xst:1895 - Due to other FF/Latch trimming, FF/Latch <LED_BCD_1> (without init value) has a constant value of 0 in block <seven_seg>. This FF/Latch will be trimmed during the optimization process.
WARNING:Xst:1895 - Due to other FF/Latch trimming, FF/Latch <LED_BCD_2> (without init value) has a constant value of 0 in block <seven_seg>. This FF/Latch will be trimmed during the optimization process.
WARNING:Xst:1895 - Due to other FF/Latch trimming, FF/Latch <LED_BCD_3> (without init value) has a constant value of 0 in block <seven_seg>. This FF/Latch will be trimmed during the optimization process.

Optimizing unit <main> ...

Optimizing unit <seven_seg> ...

Mapping all equations...
Building and optimizing final netlist ...
Found area constraint ratio of 100 (+ 5) on block main, actual ratio is 0.

Final Macro Processing ...

=========================================================================
Final Register Report

Macro Statistics
# Registers                                            : 17
 Flip-Flops                                            : 17

=========================================================================

=========================================================================
*                           Partition Report                            *
=========================================================================

Partition Implementation Status
-------------------------------

  No Partitions were found in this design.

-------------------------------

=========================================================================
*                            Design Summary                             *
=========================================================================

Top Level Output File Name         : main.ngc

Primitive and Black Box Usage:
------------------------------
# BELS                             : 47
#      GND                         : 1
#      INV                         : 2
#      LUT1                        : 10
#      LUT2                        : 1
#      LUT4                        : 4
#      LUT6                        : 7
#      MUXCY                       : 10
#      VCC                         : 1
#      XORCY                       : 11
# FlipFlops/Latches                : 17
#      FD                          : 11
#      FDE                         : 6
# Clock Buffers                    : 1
#      BUFGP                       : 1
# IO Buffers                       : 19
#      OBUF                        : 19

Device utilization summary:
---------------------------

Selected Device : 6slx4tqg144-3 


Slice Logic Utilization: 
 Number of Slice Registers:              17  out of   4800     0%  
 Number of Slice LUTs:                   24  out of   2400     1%  
    Number used as Logic:                24  out of   2400     1%  

Slice Logic Distribution: 
 Number of LUT Flip Flop pairs used:     24
   Number with an unused Flip Flop:       7  out of     24    29%  
   Number with an unused LUT:             0  out of     24     0%  
   Number of fully used LUT-FF pairs:    17  out of     24    70%  
   Number of unique control sets:         2

IO Utilization: 
 Number of IOs:                          30
 Number of bonded IOBs:                  20  out of    102    19%  

Specific Feature Utilization:
 Number of BUFG/BUFGCTRLs:                1  out of     16     6%  

---------------------------
Partition Resource Summary:
---------------------------

  No Partitions were found in this design.

---------------------------


=========================================================================
Timing Report

NOTE: THESE TIMING NUMBERS ARE ONLY A SYNTHESIS ESTIMATE.
      FOR ACCURATE TIMING INFORMATION PLEASE REFER TO THE TRACE REPORT
      GENERATED AFTER PLACE-and-ROUTE.

Clock Information:
------------------
-----------------------------------+------------------------+-------+
Clock Signal                       | Clock buffer(FF name)  | Load  |
-----------------------------------+------------------------+-------+
clk                                | BUFGP                  | 17    |
-----------------------------------+------------------------+-------+

Asynchronous Control Signals Information:
----------------------------------------
No asynchronous control signals found in this design

Timing Summary:
---------------
Speed Grade: -3

   Minimum period: 2.683ns (Maximum Frequency: 372.717MHz)
   Minimum input arrival time before clock: No path found
   Maximum output required time after clock: 3.668ns
   Maximum combinational path delay: No path found

Timing Details:
---------------
All values displayed in nanoseconds (ns)

=========================================================================
Timing constraint: Default period analysis for Clock 'clk'
  Clock period: 2.683ns (frequency: 372.717MHz)
  Total number of paths / destination ports: 151 / 23
-------------------------------------------------------------------------
Delay:               2.683ns (Levels of Logic = 2)
  Source:            seven_seg0/mycounter_8 (FF)
  Destination:       seven_seg0/count_1 (FF)
  Source Clock:      clk rising
  Destination Clock: clk rising

  Data Path: seven_seg0/mycounter_8 to seven_seg0/count_1
                                Gate     Net
    Cell:in->out      fanout   Delay   Delay  Logical Name (Net Name)
    ----------------------------------------  ------------
     FD:C->Q               2   0.447   0.981  seven_seg0/mycounter_8 (seven_seg0/mycounter_8)
     LUT6:I0->O            6   0.203   0.745  seven_seg0/GND_3_o_GND_3_o_equal_2_o<10>_SW0 (N2)
     LUT6:I5->O            1   0.205   0.000  seven_seg0/count_0_dpot (seven_seg0/count_0_dpot)
     FDE:D                     0.102          seven_seg0/count_0
    ----------------------------------------
    Total                      2.683ns (0.957ns logic, 1.726ns route)
                                       (35.7% logic, 64.3% route)

=========================================================================
Timing constraint: Default OFFSET OUT AFTER for Clock 'clk'
  Total number of paths / destination ports: 4 / 4
-------------------------------------------------------------------------
Offset:              3.668ns (Levels of Logic = 1)
  Source:            seven_seg0/Anode_Activate_3 (FF)
  Destination:       anode<3> (PAD)
  Source Clock:      clk rising

  Data Path: seven_seg0/Anode_Activate_3 to anode<3>
                                Gate     Net
    Cell:in->out      fanout   Delay   Delay  Logical Name (Net Name)
    ----------------------------------------  ------------
     FDE:C->Q              3   0.447   0.650  seven_seg0/Anode_Activate_3 (seven_seg0/Anode_Activate_3)
     OBUF:I->O                 2.571          anode_3_OBUF (anode<3>)
    ----------------------------------------
    Total                      3.668ns (3.018ns logic, 0.650ns route)
                                       (82.3% logic, 17.7% route)

=========================================================================

Cross Clock Domains Report:
--------------------------

Clock to Setup on destination clock clk
---------------+---------+---------+---------+---------+
               | Src:Rise| Src:Fall| Src:Rise| Src:Fall|
Source Clock   |Dest:Rise|Dest:Rise|Dest:Fall|Dest:Fall|
---------------+---------+---------+---------+---------+
clk            |    2.683|         |         |         |
---------------+---------+---------+---------+---------+

=========================================================================


Total REAL time to Xst completion: 14.00 secs
Total CPU time to Xst completion: 14.18 secs
 
--> 

Total memory usage is 4485876 kilobytes

Number of errors   :    0 (   0 filtered)
Number of warnings :  342 (   0 filtered)
Number of infos    :    6 (   0 filtered)

